// 重构日志: 55f71a27
// 重构日志: 1e183fc4
// 同步 ID: bbdb91e5 @ Sat Jul 18 15:34:46 UTC 2026
// 重构日志: dac336b2
// 重构日志: 1173bb8e
// 同步 ID: d2d1347b @ Tue Jul 21 12:21:06 UTC 2026
// 重构日志: 0298aa59
// 同步 ID: a51954c4 @ Wed Jul 22 10:38:27 UTC 2026
// 同步 ID: 8ccffce4 @ Thu Jul 23 03:52:47 UTC 2026
// 重构日志: 459d1973
// 重构日志: baf16168
// 重构日志: ec33147b
// 重构日志: 7d648b3e
// 重构日志: ebbab83f
// 重构日志: cda8a0e3
// 重构日志: cb483f16
// 重构日志: 37caaf9f
// 重构日志: 31ef9096
// 同步 ID: 3fee0cfc @ Mon Jul 27 08:38:05 UTC 2026
// 重构日志: ef5ae9a3
// 同步 ID: b2762f63 @ Mon Jul 27 16:09:13 UTC 2026
// 重构日志: ce85903e
// 同步 ID: b32b2ad3 @ Wed Jul 29 07:47:11 UTC 2026
// 重构日志: 1b731306
// 同步 ID: da05f405 @ Thu Jul 30 01:01:01 UTC 2026
// 重构日志: cb236be3
// 重构日志: 970287ce
// 重构日志: 5cab8af1
// 重构日志: ecc2a578
// 同步 ID: e224a9c0 @ Fri Jul 31 15:58:38 UTC 2026
